\BOOKMARK [1][-]{section.A.1}{\376\377\000B\000a\000c\000k\000g\000r\000o\000u\000n\000d\000\040\000o\000n\000\040\000A\000l\000g\000e\000b\000r\000a\000i\000c\000\040\000G\000e\000o\000m\000e\000t\000r\000y\000\040\000a\000n\000d\000\040\000C\000o\000m\000b\000i\000n\000a\000t\000o\000r\000i\000c\000s}{}% 1
\BOOKMARK [1][-]{section.A.2}{\376\377\000P\000r\000o\000o\000f\000\040\000o\000f\000\040\000L\000e\000m\000m\000a\000\040\0002}{}% 2
\BOOKMARK [1][-]{section.A.3}{\376\377\000E\000x\000p\000e\000r\000i\000m\000e\000n\000t\000a\000l\000\040\000V\000a\000l\000i\000d\000a\000t\000i\000o\000n\000\040\000f\000o\000r\000\040\000D\000i\000x\000o\000n\000\040\000M\000a\000t\000r\000i\000x\000\040\000S\000i\000z\000e\000\040\000B\000o\000u\000n\000d}{}% 3
\BOOKMARK [1][-]{section.A.4}{\376\377\000D\000e\000t\000a\000i\000l\000e\000d\000\040\000D\000e\000r\000i\000v\000a\000t\000i\000o\000n\000\040\000o\000f\000\040\000C\000o\000m\000p\000l\000e\000x\000i\000t\000y\000\040\000R\000a\000t\000i\000o\000s\000\040\000i\000n\000\040\000T\000a\000b\000l\000e\000\040\0003}{}% 4
\BOOKMARK [1][-]{section.A.5}{\376\377\000F\000u\000r\000t\000h\000e\000r\000\040\000C\000o\000m\000p\000a\000r\000a\000t\000i\000v\000e\000\040\000P\000l\000o\000t\000s}{}% 5
\BOOKMARK [1][-]{section.A.6}{\376\377\000D\000e\000g\000r\000e\000e\000-\000A\000w\000a\000r\000e\000\040\000S\000u\000b\000m\000a\000t\000r\000i\000x\000\040\000S\000e\000l\000e\000c\000t\000i\000o\000n\000\040\000A\000l\000g\000o\000r\000i\000t\000h\000m\000s}{}% 6
\BOOKMARK [1][-]{section.A.7}{\376\377\000E\000x\000p\000e\000r\000i\000m\000e\000n\000t\000a\000l\000\040\000R\000e\000s\000u\000l\000t\000s\000\040\000o\000f\000\040\000D\000e\000g\000r\000e\000e\000-\000A\000w\000a\000r\000e\000\040\000S\000u\000b\000m\000a\000t\000r\000i\000x\000\040\000S\000e\000l\000e\000c\000t\000i\000o\000n}{}% 7
\BOOKMARK [1][-]{section.A.8}{\376\377\000D\000e\000t\000a\000i\000l\000e\000d\000\040\000S\000t\000a\000g\000e\000-\000w\000i\000s\000e\000\040\000C\000o\000m\000p\000l\000e\000x\000i\000t\000y\000\040\000P\000a\000r\000a\000m\000e\000t\000e\000r\000s}{}% 8
\BOOKMARK [2][-]{subsection.A.8.1}{\376\377\000S\000t\000e\000p\000\040\0001\000\040\000P\000a\000r\000a\000m\000e\000t\000e\000r\000\040\000D\000e\000r\000i\000v\000a\000t\000i\000o\000n\000s}{section.A.8}% 9
\BOOKMARK [2][-]{subsection.A.8.2}{\376\377\000S\000t\000e\000p\000\040\0004\000\040\000P\000a\000r\000a\000m\000e\000t\000e\000r\000\040\000D\000e\000r\000i\000v\000a\000t\000i\000o\000n\000s}{section.A.8}% 10
\BOOKMARK [2][-]{subsection.A.8.3}{\376\377\000S\000t\000e\000p\000\040\0001\000\040\000v\000s\000\040\000S\000t\000e\000p\000\040\0004\000\040\000C\000o\000m\000p\000a\000r\000i\000s\000o\000n}{section.A.8}% 11
\BOOKMARK [2][-]{subsection.A.8.4}{\376\377\000W\000e\000l\000l\000-\000d\000e\000t\000e\000r\000m\000i\000n\000e\000d\000\040\000C\000a\000s\000e\000\040\000\050\000k\000=\0001\000\051}{section.A.8}% 12
\BOOKMARK [1][-]{section.A.9}{\376\377\000A\000l\000t\000e\000r\000n\000a\000t\000i\000v\000e\000\040\000D\000e\000t\000e\000r\000m\000i\000n\000a\000n\000t\000\040\000C\000o\000m\000p\000u\000t\000a\000t\000i\000o\000n\000\040\000M\000e\000t\000h\000o\000d\000s}{}% 13
\BOOKMARK [2][-]{subsection.A.9.1}{\376\377\000E\000x\000p\000a\000n\000s\000i\000o\000n}{section.A.9}% 14
\BOOKMARK [2][-]{subsection.A.9.2}{\376\377\000B\000a\000r\000e\000i\000s\000s}{section.A.9}% 15
\BOOKMARK [2][-]{subsection.A.9.3}{\376\377\000K\000r\000o\000n\000e\000c\000k\000e\000r}{section.A.9}% 16
\BOOKMARK [2][-]{subsection.A.9.4}{\376\377\000I\000n\000t\000e\000r\000p\000o\000l\000a\000t\000i\000o\000n}{section.A.9}% 17
\BOOKMARK [2][-]{subsection.A.9.5}{\376\377\000S\000p\000a\000r\000s\000e}{section.A.9}% 18
\BOOKMARK [1][-]{section.A.10}{\376\377\000P\000o\000s\000e\000i\000d\000o\000n}{}% 19
\BOOKMARK [1][-]{section.A.11}{\376\377\000V\000i\000s\000i\000o\000n}{}% 20
\BOOKMARK [1][-]{section.A.12}{\376\377\000X\000H\000a\000s\000h\0001\0002}{}% 21
